warning: ignoring unsupported tag 'PAGE_OUTLINE_PANEL' at line 1763, file /tmp/doxyfile.M7hDyr
warning: Tag 'DOT_TRANSPARENT' at line 2786 of file '/tmp/doxyfile.M7hDyr' has become obsolete.
         To avoid this warning please remove this line from your configuration file or upgrade it using "doxygen -u"
/home/runner/work/hf-ntc-thermistor-driver/hf-ntc-thermistor-driver/inc/ntc_thermistor.hpp:61: warning: included file 'Basic' is not found. Check your EXAMPLE_PATH
/home/runner/work/hf-ntc-thermistor-driver/hf-ntc-thermistor-driver/inc/ntc_thermistor.hpp:74: warning: included file 'Custom' is not found. Check your EXAMPLE_PATH
/home/runner/work/hf-ntc-thermistor-driver/hf-ntc-thermistor-driver/examples/esp32/main/TestFramework.h:383: warning: The following parameter of print_test_section_footer(const char *tag, const char *section_name, bool enabled=true) is not documented:
  parameter 'tag'
/home/runner/work/hf-ntc-thermistor-driver/hf-ntc-thermistor-driver/examples/esp32/main/TestFramework.h:357: warning: The following parameter of print_test_section_header(const char *tag, const char *section_name, bool enabled=true) is not documented:
  parameter 'tag'
/home/runner/work/hf-ntc-thermistor-driver/hf-ntc-thermistor-driver/examples/esp32/main/TestFramework.h:341: warning: argument 'test_results' of command @param is not found in the argument list of print_test_section_status(const char *tag, const char *test_suite_name)
/home/runner/work/hf-ntc-thermistor-driver/hf-ntc-thermistor-driver/examples/esp32/main/TestFramework.h:341: warning: The following parameter of print_test_section_status(const char *tag, const char *test_suite_name) is not documented:
  parameter 'tag'
/home/runner/work/hf-ntc-thermistor-driver/hf-ntc-thermistor-driver/examples/esp32/main/TestFramework.h:321: warning: The following parameter of print_test_summary(const TestResults &test_results, const char *test_suite_name, const char *tag) is not documented:
  parameter 'tag'
/home/runner/work/hf-ntc-thermistor-driver/hf-ntc-thermistor-driver/inc/ntc_conversion.hpp:103: warning: argument 'a' of command @param is not found in the argument list of NTC::ConvertResistanceToTemperatureSteinhartHart(float resistance_ohms, float coeff_a, float coeff_b, float coeff_c, float *temperature_celsius)
/home/runner/work/hf-ntc-thermistor-driver/hf-ntc-thermistor-driver/inc/ntc_conversion.hpp:103: warning: argument 'b' of command @param is not found in the argument list of NTC::ConvertResistanceToTemperatureSteinhartHart(float resistance_ohms, float coeff_a, float coeff_b, float coeff_c, float *temperature_celsius)
/home/runner/work/hf-ntc-thermistor-driver/hf-ntc-thermistor-driver/inc/ntc_conversion.hpp:103: warning: argument 'c' of command @param is not found in the argument list of NTC::ConvertResistanceToTemperatureSteinhartHart(float resistance_ohms, float coeff_a, float coeff_b, float coeff_c, float *temperature_celsius)
/home/runner/work/hf-ntc-thermistor-driver/hf-ntc-thermistor-driver/inc/ntc_conversion.hpp:103: warning: The following parameters of NTC::ConvertResistanceToTemperatureSteinhartHart(float resistance_ohms, float coeff_a, float coeff_b, float coeff_c, float *temperature_celsius) are not documented:
  parameter 'coeff_a'
  parameter 'coeff_b'
  parameter 'coeff_c'
/home/runner/work/hf-ntc-thermistor-driver/hf-ntc-thermistor-driver/inc/ntc_conversion.hpp:127: warning: argument 'a' of command @param is not found in the argument list of NTC::ConvertTemperatureToResistanceSteinhartHart(float temperature_celsius, float coeff_a, float coeff_b, float coeff_c, float *resistance_ohms)
/home/runner/work/hf-ntc-thermistor-driver/hf-ntc-thermistor-driver/inc/ntc_conversion.hpp:127: warning: argument 'b' of command @param is not found in the argument list of NTC::ConvertTemperatureToResistanceSteinhartHart(float temperature_celsius, float coeff_a, float coeff_b, float coeff_c, float *resistance_ohms)
/home/runner/work/hf-ntc-thermistor-driver/hf-ntc-thermistor-driver/inc/ntc_conversion.hpp:127: warning: argument 'c' of command @param is not found in the argument list of NTC::ConvertTemperatureToResistanceSteinhartHart(float temperature_celsius, float coeff_a, float coeff_b, float coeff_c, float *resistance_ohms)
/home/runner/work/hf-ntc-thermistor-driver/hf-ntc-thermistor-driver/inc/ntc_conversion.hpp:127: warning: The following parameters of NTC::ConvertTemperatureToResistanceSteinhartHart(float temperature_celsius, float coeff_a, float coeff_b, float coeff_c, float *resistance_ohms) are not documented:
  parameter 'coeff_a'
  parameter 'coeff_b'
  parameter 'coeff_c'
/home/runner/work/hf-ntc-thermistor-driver/hf-ntc-thermistor-driver/inc/ntc_conversion.hpp:241: warning: argument 'a' of command @param is not found in the argument list of NTC::ValidateSteinhartHartCoefficients(float coeff_a, float coeff_b, float coeff_c)
/home/runner/work/hf-ntc-thermistor-driver/hf-ntc-thermistor-driver/inc/ntc_conversion.hpp:241: warning: argument 'b' of command @param is not found in the argument list of NTC::ValidateSteinhartHartCoefficients(float coeff_a, float coeff_b, float coeff_c)
/home/runner/work/hf-ntc-thermistor-driver/hf-ntc-thermistor-driver/inc/ntc_conversion.hpp:241: warning: argument 'c' of command @param is not found in the argument list of NTC::ValidateSteinhartHartCoefficients(float coeff_a, float coeff_b, float coeff_c)
/home/runner/work/hf-ntc-thermistor-driver/hf-ntc-thermistor-driver/inc/ntc_conversion.hpp:241: warning: The following parameters of NTC::ValidateSteinhartHartCoefficients(float coeff_a, float coeff_b, float coeff_c) are not documented:
  parameter 'coeff_a'
  parameter 'coeff_b'
  parameter 'coeff_c'
/home/runner/work/hf-ntc-thermistor-driver/hf-ntc-thermistor-driver/README.md:11: warning: unable to resolve reference to '-overview' for \ref command
/home/runner/work/hf-ntc-thermistor-driver/hf-ntc-thermistor-driver/README.md:12: warning: unable to resolve reference to '-features' for \ref command
/home/runner/work/hf-ntc-thermistor-driver/hf-ntc-thermistor-driver/README.md:13: warning: unable to resolve reference to '-quick-start' for \ref command
/home/runner/work/hf-ntc-thermistor-driver/hf-ntc-thermistor-driver/README.md:14: warning: unable to resolve reference to '-installation' for \ref command
/home/runner/work/hf-ntc-thermistor-driver/hf-ntc-thermistor-driver/README.md:15: warning: unable to resolve reference to '-api-reference' for \ref command
/home/runner/work/hf-ntc-thermistor-driver/hf-ntc-thermistor-driver/README.md:16: warning: unable to resolve reference to '-examples' for \ref command
/home/runner/work/hf-ntc-thermistor-driver/hf-ntc-thermistor-driver/README.md:17: warning: unable to resolve reference to '-documentation' for \ref command
/home/runner/work/hf-ntc-thermistor-driver/hf-ntc-thermistor-driver/README.md:18: warning: unable to resolve reference to '-contributing' for \ref command
/home/runner/work/hf-ntc-thermistor-driver/hf-ntc-thermistor-driver/README.md:19: warning: unable to resolve reference to '-license' for \ref command
/home/runner/work/hf-ntc-thermistor-driver/hf-ntc-thermistor-driver/README.md:75: warning: unable to resolve reference to '/home/runner/work/hf-ntc-thermistor-driver/hf-ntc-thermistor-driver/docs/installation.md' for \ref command
/home/runner/work/hf-ntc-thermistor-driver/hf-ntc-thermistor-driver/README.md:75: warning: unable to resolve reference to '/home/runner/work/hf-ntc-thermistor-driver/hf-ntc-thermistor-driver/docs/quickstart.md' for \ref command
/home/runner/work/hf-ntc-thermistor-driver/hf-ntc-thermistor-driver/README.md:80: warning: unable to resolve reference to '/home/runner/work/hf-ntc-thermistor-driver/hf-ntc-thermistor-driver/docs/platform_integration.md' for \ref command
/home/runner/work/hf-ntc-thermistor-driver/hf-ntc-thermistor-driver/README.md:87: warning: unable to resolve reference to '/home/runner/work/hf-ntc-thermistor-driver/hf-ntc-thermistor-driver/docs/installation.md' for \ref command
/home/runner/work/hf-ntc-thermistor-driver/hf-ntc-thermistor-driver/README.md:101: warning: unable to resolve reference to '/home/runner/work/hf-ntc-thermistor-driver/hf-ntc-thermistor-driver/docs/api_reference.md' for \ref command
/home/runner/work/hf-ntc-thermistor-driver/hf-ntc-thermistor-driver/README.md:108: warning: unable to resolve reference to '/home/runner/work/hf-ntc-thermistor-driver/hf-ntc-thermistor-driver/docs/examples.md' for \ref command
/home/runner/work/hf-ntc-thermistor-driver/hf-ntc-thermistor-driver/README.md:112: warning: unable to resolve reference to '/home/runner/work/hf-ntc-thermistor-driver/hf-ntc-thermistor-driver/docs/index.md' for \ref command
